Archive member included because of file (symbol)

/usr/lib/gcc/avr/4.7.2/avr4/libgcc.a(_udivmodhi4.o)
                              obj/Release/indicator.o (__udivmodhi4)
/usr/lib/gcc/avr/4.7.2/avr4/libgcc.a(_exit.o)
                              /usr/lib/gcc/avr/4.7.2/../../../avr/lib/avr4/crtm8.o (exit)
/usr/lib/gcc/avr/4.7.2/avr4/libgcc.a(_copy_data.o)
                              obj/Release/automate.o (__do_copy_data)
/usr/lib/gcc/avr/4.7.2/avr4/libgcc.a(_clear_bss.o)
                              obj/Release/adc.o (__do_clear_bss)

Allocating common symbols
Common symbol       size              file

adc_result          0x2               obj/Release/adc.o
adc6                0x2               obj/Release/adc.o
i                   0x2               obj/Release/automate.o
ind_buf             0x8               obj/Release/indicator.o
delay_time          0x2               obj/Release/main.o
TaskArray           0x20              obj/Release/main.o
adc7                0x2               obj/Release/adc.o
adc_buf             0x2               obj/Release/adc.o
dt                  0x2               obj/Release/main.o
flags               0x3               obj/Release/automate.o
KeyCurrentCode      0x2               obj/Release/main.o

Discarded input sections

 .data          0x0000000000000000        0x0 /usr/lib/gcc/avr/4.7.2/../../../avr/lib/avr4/crtm8.o
 .bss           0x0000000000000000        0x0 /usr/lib/gcc/avr/4.7.2/../../../avr/lib/avr4/crtm8.o
 .data          0x0000000000000000        0x0 obj/Release/adc.o
 .data          0x0000000000000000        0x0 obj/Release/automate.o
 .bss           0x0000000000000000        0x0 obj/Release/automate.o
 .text          0x0000000000000000        0x0 obj/Release/fuse.o
 .data          0x0000000000000000        0x0 obj/Release/fuse.o
 .bss           0x0000000000000000        0x0 obj/Release/fuse.o
 .data          0x0000000000000000        0x0 obj/Release/indicator.o
 .data          0x0000000000000000        0x0 obj/Release/kbd.o
 .bss           0x0000000000000000        0x0 obj/Release/kbd.o
 .text          0x0000000000000000        0x0 obj/Release/main.o
 .data          0x0000000000000000        0x0 obj/Release/main.o
 .data          0x0000000000000000        0x0 obj/Release/sheduler/dispatch.o
 .bss           0x0000000000000000        0x0 obj/Release/sheduler/dispatch.o
 .text          0x0000000000000000       0x5c obj/Release/spi.o
 .data          0x0000000000000000        0x0 obj/Release/spi.o
 .bss           0x0000000000000000        0x0 obj/Release/spi.o
 .data          0x0000000000000000        0x0 obj/Release/timer.o
 .bss           0x0000000000000000        0x0 obj/Release/timer.o
 .text          0x0000000000000000        0x0 /usr/lib/gcc/avr/4.7.2/avr4/libgcc.a(_udivmodhi4.o)
 .data          0x0000000000000000        0x0 /usr/lib/gcc/avr/4.7.2/avr4/libgcc.a(_udivmodhi4.o)
 .bss           0x0000000000000000        0x0 /usr/lib/gcc/avr/4.7.2/avr4/libgcc.a(_udivmodhi4.o)
 .text.libgcc.mul
                0x0000000000000000        0x0 /usr/lib/gcc/avr/4.7.2/avr4/libgcc.a(_udivmodhi4.o)
 .text.libgcc   0x0000000000000000        0x0 /usr/lib/gcc/avr/4.7.2/avr4/libgcc.a(_udivmodhi4.o)
 .text.libgcc.prologue
                0x0000000000000000        0x0 /usr/lib/gcc/avr/4.7.2/avr4/libgcc.a(_udivmodhi4.o)
 .text.libgcc.builtins
                0x0000000000000000        0x0 /usr/lib/gcc/avr/4.7.2/avr4/libgcc.a(_udivmodhi4.o)
 .text.libgcc.fmul
                0x0000000000000000        0x0 /usr/lib/gcc/avr/4.7.2/avr4/libgcc.a(_udivmodhi4.o)
 .text          0x0000000000000000        0x0 /usr/lib/gcc/avr/4.7.2/avr4/libgcc.a(_exit.o)
 .data          0x0000000000000000        0x0 /usr/lib/gcc/avr/4.7.2/avr4/libgcc.a(_exit.o)
 .bss           0x0000000000000000        0x0 /usr/lib/gcc/avr/4.7.2/avr4/libgcc.a(_exit.o)
 .text.libgcc.mul
                0x0000000000000000        0x0 /usr/lib/gcc/avr/4.7.2/avr4/libgcc.a(_exit.o)
 .text.libgcc.div
                0x0000000000000000        0x0 /usr/lib/gcc/avr/4.7.2/avr4/libgcc.a(_exit.o)
 .text.libgcc   0x0000000000000000        0x0 /usr/lib/gcc/avr/4.7.2/avr4/libgcc.a(_exit.o)
 .text.libgcc.prologue
                0x0000000000000000        0x0 /usr/lib/gcc/avr/4.7.2/avr4/libgcc.a(_exit.o)
 .text.libgcc.builtins
                0x0000000000000000        0x0 /usr/lib/gcc/avr/4.7.2/avr4/libgcc.a(_exit.o)
 .text.libgcc.fmul
                0x0000000000000000        0x0 /usr/lib/gcc/avr/4.7.2/avr4/libgcc.a(_exit.o)
 .text          0x0000000000000000        0x0 /usr/lib/gcc/avr/4.7.2/avr4/libgcc.a(_copy_data.o)
 .data          0x0000000000000000        0x0 /usr/lib/gcc/avr/4.7.2/avr4/libgcc.a(_copy_data.o)
 .bss           0x0000000000000000        0x0 /usr/lib/gcc/avr/4.7.2/avr4/libgcc.a(_copy_data.o)
 .text.libgcc.mul
                0x0000000000000000        0x0 /usr/lib/gcc/avr/4.7.2/avr4/libgcc.a(_copy_data.o)
 .text.libgcc.div
                0x0000000000000000        0x0 /usr/lib/gcc/avr/4.7.2/avr4/libgcc.a(_copy_data.o)
 .text.libgcc   0x0000000000000000        0x0 /usr/lib/gcc/avr/4.7.2/avr4/libgcc.a(_copy_data.o)
 .text.libgcc.prologue
                0x0000000000000000        0x0 /usr/lib/gcc/avr/4.7.2/avr4/libgcc.a(_copy_data.o)
 .text.libgcc.builtins
                0x0000000000000000        0x0 /usr/lib/gcc/avr/4.7.2/avr4/libgcc.a(_copy_data.o)
 .text.libgcc.fmul
                0x0000000000000000        0x0 /usr/lib/gcc/avr/4.7.2/avr4/libgcc.a(_copy_data.o)
 .text          0x0000000000000000        0x0 /usr/lib/gcc/avr/4.7.2/avr4/libgcc.a(_clear_bss.o)
 .data          0x0000000000000000        0x0 /usr/lib/gcc/avr/4.7.2/avr4/libgcc.a(_clear_bss.o)
 .bss           0x0000000000000000        0x0 /usr/lib/gcc/avr/4.7.2/avr4/libgcc.a(_clear_bss.o)
 .text.libgcc.mul
                0x0000000000000000        0x0 /usr/lib/gcc/avr/4.7.2/avr4/libgcc.a(_clear_bss.o)
 .text.libgcc.div
                0x0000000000000000        0x0 /usr/lib/gcc/avr/4.7.2/avr4/libgcc.a(_clear_bss.o)
 .text.libgcc   0x0000000000000000        0x0 /usr/lib/gcc/avr/4.7.2/avr4/libgcc.a(_clear_bss.o)
 .text.libgcc.prologue
                0x0000000000000000        0x0 /usr/lib/gcc/avr/4.7.2/avr4/libgcc.a(_clear_bss.o)
 .text.libgcc.builtins
                0x0000000000000000        0x0 /usr/lib/gcc/avr/4.7.2/avr4/libgcc.a(_clear_bss.o)
 .text.libgcc.fmul
                0x0000000000000000        0x0 /usr/lib/gcc/avr/4.7.2/avr4/libgcc.a(_clear_bss.o)

Memory Configuration

Name             Origin             Length             Attributes
text             0x0000000000000000 0x0000000000002000 xr
data             0x0000000000800060 0x000000000000ffa0 rw !x
eeprom           0x0000000000810000 0x0000000000010000 rw !x
fuse             0x0000000000820000 0x0000000000000400 rw !x
lock             0x0000000000830000 0x0000000000000400 rw !x
signature        0x0000000000840000 0x0000000000000400 rw !x
*default*        0x0000000000000000 0xffffffffffffffff

Linker script and memory map

LOAD /usr/lib/gcc/avr/4.7.2/../../../avr/lib/avr4/crtm8.o
LOAD obj/Release/adc.o
LOAD obj/Release/automate.o
LOAD obj/Release/fuse.o
LOAD obj/Release/indicator.o
LOAD obj/Release/kbd.o
LOAD obj/Release/main.o
LOAD obj/Release/sheduler/dispatch.o
LOAD obj/Release/spi.o
LOAD obj/Release/timer.o
LOAD /usr/lib/gcc/avr/4.7.2/avr4/libgcc.a
LOAD /usr/lib/gcc/avr/4.7.2/../../../avr/lib/avr4/libm.a
LOAD /usr/lib/gcc/avr/4.7.2/avr4/libgcc.a
LOAD /usr/lib/gcc/avr/4.7.2/../../../avr/lib/avr4/libc.a
LOAD /usr/lib/gcc/avr/4.7.2/avr4/libgcc.a

.hash
 *(.hash)

.dynsym
 *(.dynsym)

.dynstr
 *(.dynstr)

.gnu.version
 *(.gnu.version)

.gnu.version_d
 *(.gnu.version_d)

.gnu.version_r
 *(.gnu.version_r)

.rel.init
 *(.rel.init)

.rela.init
 *(.rela.init)

.rel.text
 *(.rel.text)
 *(.rel.text.*)
 *(.rel.gnu.linkonce.t*)

.rela.text
 *(.rela.text)
 *(.rela.text.*)
 *(.rela.gnu.linkonce.t*)

.rel.fini
 *(.rel.fini)

.rela.fini
 *(.rela.fini)

.rel.rodata
 *(.rel.rodata)
 *(.rel.rodata.*)
 *(.rel.gnu.linkonce.r*)

.rela.rodata
 *(.rela.rodata)
 *(.rela.rodata.*)
 *(.rela.gnu.linkonce.r*)

.rel.data
 *(.rel.data)
 *(.rel.data.*)
 *(.rel.gnu.linkonce.d*)

.rela.data
 *(.rela.data)
 *(.rela.data.*)
 *(.rela.gnu.linkonce.d*)

.rel.ctors
 *(.rel.ctors)

.rela.ctors
 *(.rela.ctors)

.rel.dtors
 *(.rel.dtors)

.rela.dtors
 *(.rela.dtors)

.rel.got
 *(.rel.got)

.rela.got
 *(.rela.got)

.rel.bss
 *(.rel.bss)

.rela.bss
 *(.rela.bss)

.rel.plt
 *(.rel.plt)

.rela.plt
 *(.rela.plt)

.text           0x0000000000000000      0xd4e
 *(.vectors)
 .vectors       0x0000000000000000       0x26 /usr/lib/gcc/avr/4.7.2/../../../avr/lib/avr4/crtm8.o
                0x0000000000000000                __vectors
                0x0000000000000000                __vector_default
 *(.vectors)
 *(.progmem.gcc*)
 *(.progmem*)
 .progmem.data  0x0000000000000026       0x48 obj/Release/indicator.o
                0x0000000000000026                digit
                0x0000000000000036                number
                0x000000000000006e                . = ALIGN (0x2)
                0x000000000000006e                __trampolines_start = .
 *(.trampolines)
 .trampolines   0x000000000000006e        0x0 linker stubs
 *(.trampolines*)
                0x000000000000006e                __trampolines_end = .
 *(.jumptables)
 *(.jumptables*)
 *(.lowtext)
 *(.lowtext*)
                0x000000000000006e                __ctors_start = .
 *(.ctors)
                0x000000000000006e                __ctors_end = .
                0x000000000000006e                __dtors_start = .
 *(.dtors)
                0x000000000000006e                __dtors_end = .
 SORT(*)(.ctors)
 SORT(*)(.dtors)
 *(.init0)
 .init0         0x000000000000006e        0x0 /usr/lib/gcc/avr/4.7.2/../../../avr/lib/avr4/crtm8.o
                0x000000000000006e                __init
 *(.init0)
 *(.init1)
 *(.init1)
 *(.init2)
 .init2         0x000000000000006e        0xc /usr/lib/gcc/avr/4.7.2/../../../avr/lib/avr4/crtm8.o
 *(.init2)
 *(.init3)
 *(.init3)
 *(.init4)
 .init4         0x000000000000007a       0x16 /usr/lib/gcc/avr/4.7.2/avr4/libgcc.a(_copy_data.o)
                0x000000000000007a                __do_copy_data
 .init4         0x0000000000000090       0x10 /usr/lib/gcc/avr/4.7.2/avr4/libgcc.a(_clear_bss.o)
                0x0000000000000090                __do_clear_bss
 *(.init4)
 *(.init5)
 *(.init5)
 *(.init6)
 *(.init6)
 *(.init7)
 *(.init7)
 *(.init8)
 *(.init8)
 *(.init9)
 .init9         0x00000000000000a0        0x4 /usr/lib/gcc/avr/4.7.2/../../../avr/lib/avr4/crtm8.o
 *(.init9)
 *(.text)
 .text          0x00000000000000a4        0x2 /usr/lib/gcc/avr/4.7.2/../../../avr/lib/avr4/crtm8.o
                0x00000000000000a4                __vector_1
                0x00000000000000a4                __vector_12
                0x00000000000000a4                __bad_interrupt
                0x00000000000000a4                __vector_6
                0x00000000000000a4                __vector_3
                0x00000000000000a4                __vector_11
                0x00000000000000a4                __vector_13
                0x00000000000000a4                __vector_17
                0x00000000000000a4                __vector_7
                0x00000000000000a4                __vector_5
                0x00000000000000a4                __vector_2
                0x00000000000000a4                __vector_15
                0x00000000000000a4                __vector_10
                0x00000000000000a4                __vector_16
                0x00000000000000a4                __vector_18
 .text          0x00000000000000a6      0x10c obj/Release/adc.o
                0x00000000000000a6                AdcMean
                0x000000000000014a                __vector_14
                0x0000000000000198                InitADC
 .text          0x00000000000001b2      0x208 obj/Release/automate.o
                0x00000000000001b2                FuncINDTime
                0x00000000000001d4                Fire_sw
                0x00000000000001fc                Furnance_sw
                0x0000000000000224                Timer_sw
                0x00000000000002bc                StateAutomate
                0x0000000000000338                Supply_sw
                0x000000000000038e                ShowAdc6
                0x00000000000003a4                ShowAdc7
 .text          0x00000000000003ba      0x3b0 obj/Release/indicator.o
                0x00000000000003ba                IND_Update
                0x0000000000000440                ascii2int
                0x0000000000000442                IND_OutputFormatChar
                0x0000000000000558                IND_Time
                0x0000000000000602                IND_Init
                0x000000000000065a                IND_Output
                0x00000000000006d4                IND_OutputFormat
 .text          0x000000000000076a      0x142 obj/Release/kbd.o
                0x000000000000076a                InitControl
                0x0000000000000774                KeyCode
                0x000000000000078e                KeyState
                0x000000000000081c                KeyScan
 .text          0x00000000000008ac      0x2fc obj/Release/sheduler/dispatch.o
                0x00000000000008ac                AddTask
                0x0000000000000a44                DispatchTask
                0x0000000000000b28                DeleteTask
                0x0000000000000b3e                __vector_4
                0x0000000000000b92                InitScheduler
 .text          0x0000000000000ba8      0x114 obj/Release/timer.o
                0x0000000000000ba8                doubleCountdown
                0x0000000000000c54                __vector_8
                0x0000000000000c86                InitTimer
                0x0000000000000ca0                __vector_9
                0x0000000000000cbc                . = ALIGN (0x2)
 *(.text.*)
 .text.startup  0x0000000000000cbc       0x66 obj/Release/main.o
                0x0000000000000cbc                main
 .text.libgcc.div
                0x0000000000000d22       0x28 /usr/lib/gcc/avr/4.7.2/avr4/libgcc.a(_udivmodhi4.o)
                0x0000000000000d22                __udivmodhi4
                0x0000000000000d4a                . = ALIGN (0x2)
 *(.fini9)
 .fini9         0x0000000000000d4a        0x0 /usr/lib/gcc/avr/4.7.2/avr4/libgcc.a(_exit.o)
                0x0000000000000d4a                exit
                0x0000000000000d4a                _exit
 *(.fini9)
 *(.fini8)
 *(.fini8)
 *(.fini7)
 *(.fini7)
 *(.fini6)
 *(.fini6)
 *(.fini5)
 *(.fini5)
 *(.fini4)
 *(.fini4)
 *(.fini3)
 *(.fini3)
 *(.fini2)
 *(.fini2)
 *(.fini1)
 *(.fini1)
 *(.fini0)
 .fini0         0x0000000000000d4a        0x4 /usr/lib/gcc/avr/4.7.2/avr4/libgcc.a(_exit.o)
 *(.fini0)
                0x0000000000000d4e                _etext = .

.data           0x0000000000800060       0x1e load address 0x0000000000000d4e
                0x0000000000800060                PROVIDE (__data_start, .)
 *(.data)
 *(.data*)
 *(.rodata)
 *(.rodata*)
 .rodata.str1.1
                0x0000000000800060       0x1e obj/Release/automate.o
 *(.gnu.linkonce.d*)
                0x000000000080007e                . = ALIGN (0x2)
                0x000000000080007e                _edata = .
                0x000000000080007e                PROVIDE (__data_end, .)

.bss            0x000000000080007e       0x43
                0x000000000080007e                PROVIDE (__bss_start, .)
 *(.bss)
 .bss           0x000000000080007e        0x1 obj/Release/adc.o
 .bss           0x000000000080007f        0x1 obj/Release/indicator.o
 .bss           0x0000000000800080        0x6 obj/Release/main.o
                0x0000000000800080                CurrentTime
                0x0000000000800082                TimeSupply
                0x0000000000800084                TimeStop
 *(.bss*)
 *(COMMON)
 COMMON         0x0000000000800086        0x8 obj/Release/adc.o
                0x0000000000800086                adc_result
                0x0000000000800088                adc6
                0x000000000080008a                adc7
                0x000000000080008c                adc_buf
 COMMON         0x000000000080008e        0x5 obj/Release/automate.o
                0x000000000080008e                i
                0x0000000000800090                flags
 COMMON         0x0000000000800093        0x8 obj/Release/indicator.o
                0x0000000000800093                ind_buf
 COMMON         0x000000000080009b       0x26 obj/Release/main.o
                0x000000000080009b                delay_time
                0x000000000080009d                TaskArray
                0x00000000008000bd                dt
                0x00000000008000bf                KeyCurrentCode
                0x00000000008000c1                PROVIDE (__bss_end, .)
                0x0000000000000d4e                __data_load_start = LOADADDR (.data)
                0x0000000000000d6c                __data_load_end = (__data_load_start + SIZEOF (.data))

.noinit         0x00000000008000c1        0x0
                0x00000000008000c1                PROVIDE (__noinit_start, .)
 *(.noinit*)
                0x00000000008000c1                PROVIDE (__noinit_end, .)
                0x00000000008000c1                _end = .
                0x00000000008000c1                PROVIDE (__heap_start, .)

.eeprom         0x0000000000810000        0x0
 *(.eeprom*)
                0x0000000000810000                __eeprom_end = .

.fuse           0x0000000000820000        0x2
 *(.fuse)
 .fuse          0x0000000000820000        0x2 obj/Release/fuse.o
                0x0000000000820000                __fuse
 *(.lfuse)
 *(.hfuse)
 *(.efuse)

.lock
 *(.lock*)

.signature
 *(.signature*)

.stab           0x0000000000000000      0x6cc
 *(.stab)
 .stab          0x0000000000000000      0x6cc /usr/lib/gcc/avr/4.7.2/../../../avr/lib/avr4/crtm8.o

.stabstr        0x0000000000000000       0x54
 *(.stabstr)
 .stabstr       0x0000000000000000       0x54 /usr/lib/gcc/avr/4.7.2/../../../avr/lib/avr4/crtm8.o

.stab.excl
 *(.stab.excl)

.stab.exclstr
 *(.stab.exclstr)

.stab.index
 *(.stab.index)

.stab.indexstr
 *(.stab.indexstr)

.comment        0x0000000000000000       0x11
 *(.comment)
 .comment       0x0000000000000000       0x11 obj/Release/adc.o
                                         0x12 (size before relaxing)
 .comment       0x0000000000000000       0x12 obj/Release/automate.o
 .comment       0x0000000000000000       0x12 obj/Release/fuse.o
 .comment       0x0000000000000000       0x12 obj/Release/indicator.o
 .comment       0x0000000000000000       0x12 obj/Release/kbd.o
 .comment       0x0000000000000000       0x12 obj/Release/main.o
 .comment       0x0000000000000000       0x12 obj/Release/sheduler/dispatch.o
 .comment       0x0000000000000000       0x12 obj/Release/spi.o
 .comment       0x0000000000000000       0x12 obj/Release/timer.o

.debug
 *(.debug)

.line
 *(.line)

.debug_srcinfo
 *(.debug_srcinfo)

.debug_sfnames
 *(.debug_sfnames)

.debug_aranges
 *(.debug_aranges)

.debug_pubnames
 *(.debug_pubnames)

.debug_info
 *(.debug_info)
 *(.gnu.linkonce.wi.*)

.debug_abbrev
 *(.debug_abbrev)

.debug_line
 *(.debug_line)

.debug_frame
 *(.debug_frame)

.debug_str
 *(.debug_str)

.debug_loc
 *(.debug_loc)

.debug_macinfo
 *(.debug_macinfo)
OUTPUT(bin/Release/at8_ct.elf elf32-avr)
LOAD linker stubs

Cross Reference Table

Symbol                                            File
AdcMean                                           obj/Release/adc.o
AddTask                                           obj/Release/sheduler/dispatch.o
                                                  obj/Release/timer.o
                                                  obj/Release/main.o
                                                  obj/Release/kbd.o
                                                  obj/Release/indicator.o
                                                  obj/Release/automate.o
                                                  obj/Release/adc.o
CurrentTime                                       obj/Release/main.o
                                                  obj/Release/timer.o
                                                  obj/Release/automate.o
DeleteTask                                        obj/Release/sheduler/dispatch.o
DispatchTask                                      obj/Release/sheduler/dispatch.o
                                                  obj/Release/main.o
Fire_sw                                           obj/Release/automate.o
FuncINDTime                                       obj/Release/automate.o
                                                  obj/Release/main.o
Furnance_sw                                       obj/Release/automate.o
IND_Init                                          obj/Release/indicator.o
                                                  obj/Release/main.o
IND_Output                                        obj/Release/indicator.o
IND_OutputFormat                                  obj/Release/indicator.o
IND_OutputFormatChar                              obj/Release/indicator.o
                                                  obj/Release/automate.o
IND_Time                                          obj/Release/indicator.o
                                                  obj/Release/automate.o
IND_Update                                        obj/Release/indicator.o
                                                  obj/Release/main.o
InitADC                                           obj/Release/adc.o
                                                  obj/Release/main.o
InitControl                                       obj/Release/kbd.o
                                                  obj/Release/main.o
InitScheduler                                     obj/Release/sheduler/dispatch.o
                                                  obj/Release/main.o
InitTimer                                         obj/Release/timer.o
                                                  obj/Release/main.o
KeyCode                                           obj/Release/kbd.o
KeyCurrentCode                                    obj/Release/main.o
                                                  obj/Release/kbd.o
                                                  obj/Release/automate.o
KeyScan                                           obj/Release/kbd.o
                                                  obj/Release/main.o
KeyState                                          obj/Release/kbd.o
SPI_Init                                          obj/Release/spi.o
SPI_ReadArray                                     obj/Release/spi.o
SPI_ReadByte                                      obj/Release/spi.o
SPI_WriteArray                                    obj/Release/spi.o
SPI_WriteByte                                     obj/Release/spi.o
ShowAdc6                                          obj/Release/automate.o
                                                  obj/Release/adc.o
ShowAdc7                                          obj/Release/automate.o
                                                  obj/Release/adc.o
StateAutomate                                     obj/Release/automate.o
                                                  obj/Release/main.o
Supply_sw                                         obj/Release/automate.o
TaskArray                                         obj/Release/sheduler/dispatch.o
                                                  obj/Release/main.o
TimeStop                                          obj/Release/main.o
                                                  obj/Release/timer.o
                                                  obj/Release/automate.o
TimeSupply                                        obj/Release/main.o
                                                  obj/Release/timer.o
                                                  obj/Release/automate.o
Timer_sw                                          obj/Release/automate.o
__bad_interrupt                                   /usr/lib/gcc/avr/4.7.2/../../../avr/lib/avr4/crtm8.o
__bss_end                                         /usr/lib/gcc/avr/4.7.2/avr4/libgcc.a(_clear_bss.o)
__bss_start                                       /usr/lib/gcc/avr/4.7.2/avr4/libgcc.a(_clear_bss.o)
__data_end                                        /usr/lib/gcc/avr/4.7.2/avr4/libgcc.a(_copy_data.o)
__data_load_start                                 /usr/lib/gcc/avr/4.7.2/avr4/libgcc.a(_copy_data.o)
__data_start                                      /usr/lib/gcc/avr/4.7.2/avr4/libgcc.a(_copy_data.o)
__do_clear_bss                                    /usr/lib/gcc/avr/4.7.2/avr4/libgcc.a(_clear_bss.o)
                                                  obj/Release/timer.o
                                                  obj/Release/sheduler/dispatch.o
                                                  obj/Release/main.o
                                                  obj/Release/kbd.o
                                                  obj/Release/indicator.o
                                                  obj/Release/automate.o
                                                  obj/Release/adc.o
__do_copy_data                                    /usr/lib/gcc/avr/4.7.2/avr4/libgcc.a(_copy_data.o)
                                                  obj/Release/automate.o
__fuse                                            obj/Release/fuse.o
__heap_end                                        /usr/lib/gcc/avr/4.7.2/../../../avr/lib/avr4/crtm8.o
__init                                            /usr/lib/gcc/avr/4.7.2/../../../avr/lib/avr4/crtm8.o
__stack                                           /usr/lib/gcc/avr/4.7.2/../../../avr/lib/avr4/crtm8.o
__udivmodhi4                                      /usr/lib/gcc/avr/4.7.2/avr4/libgcc.a(_udivmodhi4.o)
                                                  obj/Release/indicator.o
__vector_1                                        /usr/lib/gcc/avr/4.7.2/../../../avr/lib/avr4/crtm8.o
__vector_10                                       /usr/lib/gcc/avr/4.7.2/../../../avr/lib/avr4/crtm8.o
__vector_11                                       /usr/lib/gcc/avr/4.7.2/../../../avr/lib/avr4/crtm8.o
__vector_12                                       /usr/lib/gcc/avr/4.7.2/../../../avr/lib/avr4/crtm8.o
__vector_13                                       /usr/lib/gcc/avr/4.7.2/../../../avr/lib/avr4/crtm8.o
__vector_14                                       obj/Release/adc.o
                                                  /usr/lib/gcc/avr/4.7.2/../../../avr/lib/avr4/crtm8.o
__vector_15                                       /usr/lib/gcc/avr/4.7.2/../../../avr/lib/avr4/crtm8.o
__vector_16                                       /usr/lib/gcc/avr/4.7.2/../../../avr/lib/avr4/crtm8.o
__vector_17                                       /usr/lib/gcc/avr/4.7.2/../../../avr/lib/avr4/crtm8.o
__vector_18                                       /usr/lib/gcc/avr/4.7.2/../../../avr/lib/avr4/crtm8.o
__vector_2                                        /usr/lib/gcc/avr/4.7.2/../../../avr/lib/avr4/crtm8.o
__vector_3                                        /usr/lib/gcc/avr/4.7.2/../../../avr/lib/avr4/crtm8.o
__vector_4                                        obj/Release/sheduler/dispatch.o
                                                  /usr/lib/gcc/avr/4.7.2/../../../avr/lib/avr4/crtm8.o
__vector_5                                        /usr/lib/gcc/avr/4.7.2/../../../avr/lib/avr4/crtm8.o
__vector_6                                        /usr/lib/gcc/avr/4.7.2/../../../avr/lib/avr4/crtm8.o
__vector_7                                        /usr/lib/gcc/avr/4.7.2/../../../avr/lib/avr4/crtm8.o
__vector_8                                        obj/Release/timer.o
                                                  /usr/lib/gcc/avr/4.7.2/../../../avr/lib/avr4/crtm8.o
__vector_9                                        obj/Release/timer.o
                                                  /usr/lib/gcc/avr/4.7.2/../../../avr/lib/avr4/crtm8.o
__vector_default                                  /usr/lib/gcc/avr/4.7.2/../../../avr/lib/avr4/crtm8.o
__vectors                                         /usr/lib/gcc/avr/4.7.2/../../../avr/lib/avr4/crtm8.o
_exit                                             /usr/lib/gcc/avr/4.7.2/avr4/libgcc.a(_exit.o)
adc6                                              obj/Release/timer.o
                                                  obj/Release/main.o
                                                  obj/Release/automate.o
                                                  obj/Release/adc.o
adc7                                              obj/Release/timer.o
                                                  obj/Release/main.o
                                                  obj/Release/automate.o
                                                  obj/Release/adc.o
adc_buf                                           obj/Release/main.o
                                                  obj/Release/adc.o
adc_result                                        obj/Release/main.o
                                                  obj/Release/adc.o
ascii2int                                         obj/Release/indicator.o
delay_time                                        obj/Release/sheduler/dispatch.o
                                                  obj/Release/main.o
digit                                             obj/Release/indicator.o
doubleCountdown                                   obj/Release/timer.o
                                                  obj/Release/main.o
dt                                                obj/Release/sheduler/dispatch.o
                                                  obj/Release/main.o
exit                                              /usr/lib/gcc/avr/4.7.2/avr4/libgcc.a(_exit.o)
                                                  /usr/lib/gcc/avr/4.7.2/../../../avr/lib/avr4/crtm8.o
flags                                             obj/Release/timer.o
                                                  obj/Release/sheduler/dispatch.o
                                                  obj/Release/main.o
                                                  obj/Release/kbd.o
                                                  obj/Release/automate.o
i                                                 obj/Release/main.o
                                                  obj/Release/kbd.o
                                                  obj/Release/automate.o
ind_buf                                           obj/Release/indicator.o
main                                              obj/Release/main.o
                                                  /usr/lib/gcc/avr/4.7.2/../../../avr/lib/avr4/crtm8.o
number                                            obj/Release/indicator.o
